./venv/Scripts/pytho
n.exe : Traceback 
(most recent call 
last):
At line:1 char:1
+ ./venv/Scripts/pyt
hon.exe debug_create
_module.py > 
error_log.txt 2>&1
+ ~~~~~~~~~~~~~~~~~~
~~~~~~~~~~~~~~~~~~~~
~~~~~~~~~~~~~~~~~~~~
~~~~~~~~~~~
    + CategoryInfo  
            : NotS  
  pecified: (Trac   
 eback (most rec    
ent call last):    
:String) [], Re    
moteException
    + FullyQualifie 
   dErrorId : Nati  
  veCommandError
 
  File "C:\Users\Div
yam\Desktop\setidure
\Ranoson\backend\ven
v\Lib\site-packages\
sqlalchemy\engine\ba
se.py", line 1967, 
in 
_exec_single_context
    self.dialect.do_
execute(
  File "C:\Users\Div
yam\Desktop\setidure
\Ranoson\backend\ven
v\Lib\site-packages\
sqlalchemy\engine\de
fault.py", line 
952, in do_execute
    cursor.execute(s
tatement, 
parameters)
sqlite3.OperationalE
rror: table modules 
has no column named 
description

The above exception 
was the direct 
cause of the 
following exception:

Traceback (most 
recent call last):
  File "C:\Users\Div
yam\Desktop\setidure
\Ranoson\backend\deb
ug_create_module.py"
, line 33, in 
<module>
    crud.create_modu
le_with_steps(db, 
module_data, 
user.id)
  File "C:\Users\Div
yam\Desktop\setidure
\Ranoson\backend\app
\crud.py", line 48, 
in create_module_wit
h_steps
    db.commit()
  File "C:\Users\Div
yam\Desktop\setidure
\Ranoson\backend\ven
v\Lib\site-packages\
sqlalchemy\orm\sessi
on.py", line 2030, 
in commit
    trans.commit(_to
_root=True)
  File "<string>", 
line 2, in commit
  File "C:\Users\Div
yam\Desktop\setidure
\Ranoson\backend\ven
v\Lib\site-packages\
sqlalchemy\orm\state
_changes.py", line 
137, in _go
    ret_value = 
fn(self, *arg, **kw)
                
^^^^^^^^^^^^^^^^^^^^
  File "C:\Users\Div
yam\Desktop\setidure
\Ranoson\backend\ven
v\Lib\site-packages\
sqlalchemy\orm\sessi
on.py", line 1311, 
in commit
    
self._prepare_impl()
  File "<string>", 
line 2, in 
_prepare_impl
  File "C:\Users\Div
yam\Desktop\setidure
\Ranoson\backend\ven
v\Lib\site-packages\
sqlalchemy\orm\state
_changes.py", line 
137, in _go
    ret_value = 
fn(self, *arg, **kw)
                
^^^^^^^^^^^^^^^^^^^^
  File "C:\Users\Div
yam\Desktop\setidure
\Ranoson\backend\ven
v\Lib\site-packages\
sqlalchemy\orm\sessi
on.py", line 1286, 
in _prepare_impl
    
self.session.flush()
  File "C:\Users\Div
yam\Desktop\setidure
\Ranoson\backend\ven
v\Lib\site-packages\
sqlalchemy\orm\sessi
on.py", line 4331, 
in flush
    
self._flush(objects)
  File "C:\Users\Div
yam\Desktop\setidure
\Ranoson\backend\ven
v\Lib\site-packages\
sqlalchemy\orm\sessi
on.py", line 4466, 
in _flush
    with 
util.safe_reraise():
  File "C:\Users\Div
yam\Desktop\setidure
\Ranoson\backend\ven
v\Lib\site-packages\
sqlalchemy\util\lang
helpers.py", line 
224, in __exit__
    raise exc_value.
with_traceback(exc_t
b)
  File "C:\Users\Div
yam\Desktop\setidure
\Ranoson\backend\ven
v\Lib\site-packages\
sqlalchemy\orm\sessi
on.py", line 4427, 
in _flush
    flush_context.ex
ecute()
  File "C:\Users\Div
yam\Desktop\setidure
\Ranoson\backend\ven
v\Lib\site-packages\
sqlalchemy\orm\unito
fwork.py", line 
466, in execute
    
rec.execute(self)
  File "C:\Users\Div
yam\Desktop\setidure
\Ranoson\backend\ven
v\Lib\site-packages\
sqlalchemy\orm\unito
fwork.py", line 
642, in execute
    util.preloaded.o
rm_persistence.save_
obj(
  File "C:\Users\Div
yam\Desktop\setidure
\Ranoson\backend\ven
v\Lib\site-packages\
sqlalchemy\orm\persi
stence.py", line 
93, in save_obj
    _emit_insert_sta
tements(
  File "C:\Users\Div
yam\Desktop\setidure
\Ranoson\backend\ven
v\Lib\site-packages\
sqlalchemy\orm\persi
stence.py", line 
1233, in _emit_inser
t_statements
    result = 
connection.execute(
             
^^^^^^^^^^^^^^^^^^^
  File "C:\Users\Div
yam\Desktop\setidure
\Ranoson\backend\ven
v\Lib\site-packages\
sqlalchemy\engine\ba
se.py", line 1419, 
in execute
    return meth(
           ^^^^^
  File "C:\Users\Div
yam\Desktop\setidure
\Ranoson\backend\ven
v\Lib\site-packages\
sqlalchemy\sql\eleme
nts.py", line 527, 
in _execute_on_conne
ction
    return connectio
n._execute_clauseele
ment(
           ^^^^^^^^^
^^^^^^^^^^^^^^^^^^^^
^^^^^
  File "C:\Users\Div
yam\Desktop\setidure
\Ranoson\backend\ven
v\Lib\site-packages\
sqlalchemy\engine\ba
se.py", line 1641, 
in _execute_clauseel
ement
    ret = self._exec
ute_context(
          ^^^^^^^^^^
^^^^^^^^^^^^
  File "C:\Users\Div
yam\Desktop\setidure
\Ranoson\backend\ven
v\Lib\site-packages\
sqlalchemy\engine\ba
se.py", line 1846, 
in _execute_context
    return self._exe
c_single_context(
           ^^^^^^^^^
^^^^^^^^^^^^^^^^^
  File "C:\Users\Div
yam\Desktop\setidure
\Ranoson\backend\ven
v\Lib\site-packages\
sqlalchemy\engine\ba
se.py", line 1986, 
in 
_exec_single_context
    self._handle_dba
pi_exception(
  File "C:\Users\Div
yam\Desktop\setidure
\Ranoson\backend\ven
v\Lib\site-packages\
sqlalchemy\engine\ba
se.py", line 2363, 
in _handle_dbapi_exc
eption
    raise sqlalchemy
_exception.with_trac
eback(exc_info[2]) 
from e
  File "C:\Users\Div
yam\Desktop\setidure
\Ranoson\backend\ven
v\Lib\site-packages\
sqlalchemy\engine\ba
se.py", line 1967, 
in 
_exec_single_context
    self.dialect.do_
execute(
  File "C:\Users\Div
yam\Desktop\setidure
\Ranoson\backend\ven
v\Lib\site-packages\
sqlalchemy\engine\de
fault.py", line 
952, in do_execute
    cursor.execute(s
tatement, 
parameters)
sqlalchemy.exc.Opera
tionalError: (sqlite
3.OperationalError) 
table modules has 
no column named 
description
[SQL: INSERT INTO 
modules (title, 
description, 
video_url, 
created_by_id) 
VALUES (?, ?, ?, ?)]
[parameters: 
('Debug Module', 
'Created to debug 
500 failure', 'http:
//example.com/video.
mp4', 1)]
(Background on this 
error at: https://sq
lalche.me/e/20/e3q8)
Using user: EMP001 (ID: 1)
Attempting to create module...

XXX FAILED XXX
Error type: <class 'sqlalchemy.exc.OperationalError'>
Error message: (sqlite3.OperationalError) table modules has no column named description
[SQL: INSERT INTO modules (title, description, video_url, created_by_id) VALUES (?, ?, ?, ?)]
[parameters: ('Debug Module', 'Created to debug 500 failure', 'http://example.com/video.mp4', 1)]
(Background on this error at: https://sqlalche.me/e/20/e3q8)
